// Jest Snapshot v1, https://goo.gl/fbAQLP

exports[`insomnia-collection should correctly import a valid Insomnia collection file 1`] = `
{
  "environments": [],
  "items": [
    {
      "items": [
        {
          "name": "Request1",
          "request": {
            "auth": {
              "basic": null,
              "bearer": null,
              "digest": null,
              "mode": "none",
            },
            "body": {
              "formUrlEncoded": [],
              "json": null,
              "mode": "none",
              "multipartForm": [],
              "text": null,
              "xml": null,
            },
            "headers": [],
            "method": "GET",
            "params": [],
            "url": "https://httpbin.org/get",
          },
          "seq": 1,
          "type": "http-request",
          "uid": "mockeduuidvalue123456",
        },
        {
          "name": "Request1",
          "request": {
            "auth": {
              "basic": null,
              "bearer": null,
              "digest": null,
              "mode": "none",
            },
            "body": {
              "formUrlEncoded": [],
              "json": null,
              "mode": "none",
              "multipartForm": [],
              "text": null,
              "xml": null,
            },
            "headers": [],
            "method": "GET",
            "params": [],
            "url": "https://httpbin.org/get",
          },
          "seq": 2,
          "type": "http-request",
          "uid": "mockeduuidvalue123456",
        },
      ],
      "name": "Folder1",
      "type": "folder",
      "uid": "mockeduuidvalue123456",
    },
    {
      "items": [
        {
          "name": "Request2",
          "request": {
            "auth": {
              "basic": null,
              "bearer": null,
              "digest": null,
              "mode": "none",
            },
            "body": {
              "formUrlEncoded": [],
              "json": null,
              "mode": "none",
              "multipartForm": [],
              "text": null,
              "xml": null,
            },
            "headers": [],
            "method": "GET",
            "params": [],
            "url": "https://httpbin.org/get",
          },
          "seq": 1,
          "type": "http-request",
          "uid": "mockeduuidvalue123456",
        },
        {
          "name": "Request2",
          "request": {
            "auth": {
              "basic": null,
              "bearer": null,
              "digest": null,
              "mode": "none",
            },
            "body": {
              "formUrlEncoded": [],
              "json": null,
              "mode": "none",
              "multipartForm": [],
              "text": null,
              "xml": null,
            },
            "headers": [],
            "method": "GET",
            "params": [],
            "url": "https://httpbin.org/get",
          },
          "seq": 2,
          "type": "http-request",
          "uid": "mockeduuidvalue123456",
        },
      ],
      "name": "Folder2",
      "type": "folder",
      "uid": "mockeduuidvalue123456",
    },
  ],
  "name": "Hello World Workspace Insomnia",
  "uid": "mockeduuidvalue123456",
  "version": "1",
}
`;
