// Jest Snapshot v1, https://goo.gl/fbAQLP

exports[`openapi-collection should correctly import a valid OpenAPI file 1`] = `
{
  "environments": [],
  "items": [
    {
      "items": [
        {
          "name": "Request1 and Request2",
          "request": {
            "auth": {
              "basic": null,
              "bearer": null,
              "digest": null,
              "mode": "none",
            },
            "body": {
              "formUrlEncoded": [],
              "json": null,
              "mode": "none",
              "multipartForm": [],
              "text": null,
              "xml": null,
            },
            "headers": [],
            "method": "GET",
            "params": [],
            "script": {
              "res": null,
            },
            "url": "https:/httpbin.org//get",
          },
          "seq": 1,
          "type": "http-request",
          "uid": "mockeduuidvalue123456",
        },
      ],
      "name": "Folder1",
      "type": "folder",
      "uid": "mockeduuidvalue123456",
    },
  ],
  "name": "Hello World OpenAPI",
  "uid": "mockeduuidvalue123456",
  "version": "1",
}
`;
